// Jest Snapshot v1, https://goo.gl/fbAQLP

exports[`ApartmentInsure should make snapshot 1`] = `
<DocumentFragment>
  <div
    class="content"
  >
    <header
      class="header"
    >
      <div
        class="container"
      >
        <button
          class="logoButton"
        >
          <svg
            aria-hidden="true"
            class="upIconSvg logo"
            fill="currentColor"
            focusable="false"
            viewBox="0 0 150 46"
          >
            <path
              d="M13.513 29V17.015H14.686L19.293 25.668L23.866 17.015H25.039V29H23.747V19.633L19.752 27.147H18.834L14.788 19.65V29H13.513ZM30.912 29V23.322L26.322 17.015H27.954L31.643 22.098L35.315 17.015H36.896L32.306 23.356V29H30.912Z"
              fill="#22C062"
            />
            <rect
              fill="none"
              height="41"
              rx="3.5"
              stroke="#22C062"
              width="44"
              x="2.5"
              y="2.5"
            />
            <path
              d="M52.479 29V17.015H53.873V29H52.479ZM56.6416 29V20.738H57.9846V22.149C58.2566 21.6277 58.6419 21.2367 59.1406 20.976C59.6393 20.7153 60.2003 20.585 60.8236 20.585C62.7843 20.585 63.7646 21.673 63.7646 23.849V29H62.3876V23.934C62.3876 23.1633 62.2346 22.6023 61.9286 22.251C61.6339 21.8883 61.1579 21.707 60.5006 21.707C59.7413 21.707 59.1349 21.945 58.6816 22.421C58.2396 22.8857 58.0186 23.509 58.0186 24.291V29H56.6416ZM69.0917 29.153C68.4457 29.153 67.8337 29.0623 67.2557 28.881C66.6777 28.6997 66.2017 28.4447 65.8277 28.116L66.2697 27.147C66.6777 27.4757 67.1254 27.7193 67.6127 27.878C68.1114 28.0253 68.6157 28.099 69.1257 28.099C69.7717 28.099 70.2591 27.98 70.5877 27.742C70.9164 27.504 71.0807 27.181 71.0807 26.773C71.0807 26.4557 70.9731 26.2063 70.7577 26.025C70.5424 25.8323 70.2024 25.685 69.7377 25.583L68.1907 25.243C66.7854 24.937 66.0827 24.2117 66.0827 23.067C66.0827 22.319 66.3774 21.7183 66.9667 21.265C67.5674 20.8117 68.3494 20.585 69.3127 20.585C69.8794 20.585 70.4177 20.6757 70.9277 20.857C71.4491 21.027 71.8797 21.282 72.2197 21.622L71.7607 22.591C71.4321 22.285 71.0467 22.0527 70.6047 21.894C70.1741 21.724 69.7434 21.639 69.3127 21.639C68.6781 21.639 68.1964 21.7637 67.8677 22.013C67.5391 22.2623 67.3747 22.591 67.3747 22.999C67.3747 23.6337 67.7941 24.0417 68.6327 24.223L70.1797 24.546C70.9051 24.7047 71.4547 24.9597 71.8287 25.311C72.2027 25.651 72.3897 26.1157 72.3897 26.705C72.3897 27.4643 72.0894 28.065 71.4887 28.507C70.8881 28.9377 70.0891 29.153 69.0917 29.153ZM77.4123 29.153C75.429 29.153 74.4373 28.0593 74.4373 25.872V20.738H75.8143V25.855C75.8143 26.5917 75.9616 27.1357 76.2563 27.487C76.5623 27.8383 77.0383 28.014 77.6843 28.014C78.387 28.014 78.9593 27.7817 79.4013 27.317C79.8433 26.841 80.0643 26.212 80.0643 25.43V20.738H81.4413V29H80.0983V27.606C79.8376 28.1047 79.4693 28.49 78.9933 28.762C78.5286 29.0227 78.0016 29.153 77.4123 29.153ZM84.0176 29V20.738H85.3606V22.217C85.8026 21.2197 86.7093 20.67 88.0806 20.568L88.5736 20.517L88.6756 21.707L87.8086 21.809C87.0266 21.877 86.4316 22.1263 86.0236 22.557C85.6156 22.9763 85.4116 23.5543 85.4116 24.291V29H84.0176ZM92.6284 29.153C92.0617 29.153 91.5517 29.0453 91.0984 28.83C90.6564 28.6033 90.305 28.2973 90.0444 27.912C89.7837 27.5267 89.6534 27.096 89.6534 26.62C89.6534 26.0193 89.8064 25.5433 90.1124 25.192C90.4297 24.8407 90.9454 24.5913 91.6594 24.444C92.3847 24.2853 93.3707 24.206 94.6174 24.206H95.1614V23.679C95.1614 22.9763 95.014 22.472 94.7194 22.166C94.436 21.8487 93.977 21.69 93.3424 21.69C92.8437 21.69 92.362 21.7637 91.8974 21.911C91.4327 22.047 90.9567 22.2737 90.4694 22.591L89.9934 21.588C90.424 21.282 90.9454 21.0383 91.5574 20.857C92.1807 20.6757 92.7757 20.585 93.3424 20.585C94.4077 20.585 95.1954 20.8457 95.7054 21.367C96.2267 21.8883 96.4874 22.6987 96.4874 23.798V29H95.1954V27.572C94.98 28.0593 94.6457 28.4447 94.1924 28.728C93.7504 29.0113 93.229 29.153 92.6284 29.153ZM92.8494 28.116C93.5294 28.116 94.0847 27.8837 94.5154 27.419C94.946 26.943 95.1614 26.3423 95.1614 25.617V25.107H94.6344C93.7164 25.107 92.991 25.1523 92.4584 25.243C91.937 25.3223 91.5687 25.4697 91.3534 25.685C91.1494 25.889 91.0474 26.1723 91.0474 26.535C91.0474 26.9997 91.206 27.3793 91.5234 27.674C91.852 27.9687 92.294 28.116 92.8494 28.116ZM99.042 29V20.738H100.385V22.149C100.657 21.6277 101.042 21.2367 101.541 20.976C102.04 20.7153 102.601 20.585 103.224 20.585C105.185 20.585 106.165 21.673 106.165 23.849V29H104.788V23.934C104.788 23.1633 104.635 22.6023 104.329 22.251C104.034 21.8883 103.558 21.707 102.901 21.707C102.142 21.707 101.535 21.945 101.082 22.421C100.64 22.8857 100.419 23.509 100.419 24.291V29H99.042ZM112.206 29.153C111.379 29.153 110.665 28.9773 110.064 28.626C109.463 28.2633 108.999 27.759 108.67 27.113C108.353 26.4557 108.194 25.6907 108.194 24.818C108.194 23.5033 108.551 22.472 109.265 21.724C109.979 20.9647 110.959 20.585 112.206 20.585C112.716 20.585 113.22 20.6757 113.719 20.857C114.218 21.0383 114.631 21.2933 114.96 21.622L114.484 22.625C114.155 22.3077 113.793 22.0753 113.396 21.928C113.011 21.7807 112.642 21.707 112.291 21.707C111.43 21.707 110.767 21.979 110.302 22.523C109.837 23.0557 109.605 23.8263 109.605 24.835C109.605 25.821 109.837 26.603 110.302 27.181C110.767 27.7477 111.43 28.031 112.291 28.031C112.642 28.031 113.011 27.9573 113.396 27.81C113.793 27.6627 114.155 27.4247 114.484 27.096L114.96 28.099C114.631 28.4277 114.212 28.6883 113.702 28.881C113.203 29.0623 112.705 29.153 112.206 29.153ZM120.13 29.153C118.827 29.153 117.796 28.7733 117.036 28.014C116.277 27.2433 115.897 26.2007 115.897 24.886C115.897 24.036 116.067 23.288 116.407 22.642C116.747 21.9847 117.212 21.4803 117.801 21.129C118.402 20.7663 119.093 20.585 119.875 20.585C120.997 20.585 121.876 20.9477 122.51 21.673C123.145 22.387 123.462 23.373 123.462 24.631V25.158H117.24C117.286 26.0987 117.558 26.8183 118.056 27.317C118.555 27.8043 119.246 28.048 120.13 28.048C120.629 28.048 121.105 27.9743 121.558 27.827C122.012 27.6683 122.442 27.4133 122.85 27.062L123.326 28.031C122.952 28.3823 122.476 28.66 121.898 28.864C121.32 29.0567 120.731 29.153 120.13 29.153ZM119.909 21.605C119.127 21.605 118.51 21.8487 118.056 22.336C117.603 22.8233 117.337 23.4637 117.257 24.257H122.272C122.238 23.4183 122.017 22.7667 121.609 22.302C121.213 21.8373 120.646 21.605 119.909 21.605Z"
              fill="#1F1D1D"
            />
          </svg>
        </button>
        <div
          class="info"
        >
          <div
            class="text small phoneNumber"
            data-testid="typographyComponent"
          >
            +7 (495) 177 - 37 - 37
          </div>
          <div
            class="buttons"
          >
            <button
              class="btn link"
              data-testid="button"
            >
              Офисы
            </button>
            <button
              class="btn secondary"
              data-testid="button"
            >
              Войти
            </button>
          </div>
          <div
            class="iconButtons"
          >
            <button
              class="iconButtonBasic"
              data-testid="iconButtonComponent"
            >
              <img
                alt="iconButton"
                src="profile.svg"
                style="height: 44px;"
              />
            </button>
            <button
              class="iconButtonBasic"
              data-testid="iconButtonComponent"
            >
              <img
                alt="iconButton"
                src="menu_burger.svg"
                style="height: 44px;"
              />
            </button>
          </div>
        </div>
      </div>
      <hr
        class="divider"
      />
    </header>
    <div
      class="wrapper"
    >
      <a
        class="flex"
        href="/home/property/apartment"
      >
        <div
          class="text medium navLink"
          data-testid="typographyComponent"
        >
          Имущество
        </div>
      </a>
    </div>
    <div
      class="container"
    >
      <a
        href="/home"
      >
        <div
          class="text small"
          data-testid="typographyComponent"
        >
          Главная
        </div>
      </a>
      <a
        href="/property"
      >
        <div
          class="text small"
          data-testid="typographyComponent"
        >
          /  Имущество
        </div>
      </a>
      <div
        class="text small titleForm"
        data-testid="typographyComponent"
      >
        <div
          class="text small"
          data-testid="typographyComponent"
        >
          /  Квартира
        </div>
      </div>
    </div>
    <div
      class="content"
    >
      <div
        class="header"
        style="min-height: 98px;"
      >
        <div
          class="text h2"
          data-testid="typographyComponent"
        >
          Страхование квартиры
        </div>
      </div>
      <div
        class="body layoutInsurance"
        data-testid="LayoutContent"
      >
        <div
          class="tagWrapper"
        >
          <a
            aria-current="page"
            class="tag activeTag"
            href="/property/apartment"
          >
            <div
              class="text medium tagNum"
              data-testid="typographyComponent"
            >
              1
            </div>
            <div
              class="text medium tagName"
              data-testid="typographyComponent"
            >
              Расчет
            </div>
          </a>
          <a
            class="tag"
            href="/property/house"
          >
            <div
              class="text medium tagNum"
              data-testid="typographyComponent"
            >
              2
            </div>
            <div
              class="text medium tagName"
              data-testid="typographyComponent"
            >
              Оформление
            </div>
          </a>
        </div>
        <div
          class="wrapperInsurance"
        >
          <form
            class="formInsurance"
          >
            <div
              class="card cardInsurance"
              data-testid="card"
            >
              <div
                class="text h3"
                data-testid="immovableHeader"
              >
                Выберите страховую сумму по недвижимому имуществу
              </div>
              <div
                class="text small"
                data-testid="immovableTitle"
              >
                Страховая сумма
              </div>
              <div
                class="text medium"
                data-testid="immovableValue"
              >
                2 500 000 ₽
              </div>
              <div
                class="wrapper"
              >
                <div
                  class="range"
                >
                  <input
                    class="slider"
                    data-testid="roller"
                    id="immovable"
                    max="6000000"
                    min="900000"
                    name="immovable"
                    step="100000"
                    style="background-size: 31.372549019607842% 100%;"
                    type="range"
                    value="2500000"
                  />
                </div>
                <div
                  class="range--span"
                >
                  <div
                    class="text small"
                    data-testid="typographyComponent"
                  >
                    900 000 ₽
                  </div>
                  <div
                    class="text small"
                    data-testid="typographyComponent"
                  >
                    6 000 000 ₽
                  </div>
                </div>
              </div>
            </div>
            <div
              class="card cardInsurance"
              data-testid="card"
            >
              <div
                class="movableHeaderBlock"
              >
                <div
                  class="text h3"
                  data-testid="movableHeader"
                >
                  Страхуете движимое имущество?
                </div>
                <div
                  class="helperImgWrapper"
                >
                  <svg
                    aria-hidden="true"
                    class="upIconSvg helperImg"
                    fill="currentColor"
                    focusable="false"
                    viewBox="0 0 24 24"
                  >
                    <g
                      id="helper"
                    >
                      <path
                        d="M12 0C5.36761 0 0 5.367 0 12C0 18.6323 5.367 24 12 24C18.6324 24 24 18.633 24 12C24 5.36761 18.633 0 12 0ZM12 22.3256C6.30647 22.3256 1.67442 17.6936 1.67442 12C1.67442 6.30642 6.30647 1.67442 12 1.67442C17.6936 1.67442 22.3256 6.30642 22.3256 12C22.3256 17.6936 17.6936 22.3256 12 22.3256Z"
                        fill="#646464"
                        id="Vector"
                      />
                      <path
                        d="M11.6651 14.9457C10.9946 14.9457 10.4518 15.5155 10.4518 16.1993C10.4518 16.867 10.9786 17.4531 11.6651 17.4531C12.3516 17.4531 12.8943 16.867 12.8943 16.1993C12.8943 15.5155 12.3355 14.9457 11.6651 14.9457ZM11.8726 5.45312C9.71733 5.45312 8.72754 6.75576 8.72754 7.63497C8.72754 8.26998 9.25437 8.56309 9.6854 8.56309C10.5475 8.56309 10.1963 7.3093 11.8247 7.3093C12.6229 7.3093 13.2615 7.66754 13.2615 8.41654C13.2615 9.29575 12.3675 9.80049 11.8407 10.2564C11.3776 10.6634 10.771 11.331 10.771 12.7313C10.771 13.5779 10.9946 13.8222 11.6491 13.8222C12.4313 13.8222 12.591 13.464 12.591 13.1546C12.591 12.3079 12.6069 11.8195 13.485 11.1193C13.916 10.7774 15.273 9.67017 15.273 8.13967C15.273 6.60916 13.916 5.45312 11.8726 5.45312Z"
                        fill="#646464"
                        id="Vector_2"
                      />
                    </g>
                  </svg>
                </div>
              </div>
              <div
                class="radioGroup"
              >
                <label
                  class="label"
                >
                  <input
                    checked=""
                    class="input"
                    data-testid="no"
                    name="movable"
                    type="radio"
                    value="no"
                  />
                  <span
                    class="span"
                  >
                    <div
                      class="text medium"
                      data-testid="typographyComponent"
                    >
                      Нет
                    </div>
                  </span>
                </label>
                <label
                  class="label"
                >
                  <input
                    class="input"
                    data-testid="yes"
                    name="movable"
                    type="radio"
                    value="yes"
                  />
                  <span
                    class="span"
                  >
                    <div
                      class="text medium"
                      data-testid="typographyComponent"
                    >
                      Да
                    </div>
                  </span>
                </label>
              </div>
            </div>
            <div
              class="card cardInsurance"
              data-testid="card"
            >
              <div
                class="text h3"
                data-testid="periodHeader"
              >
                Периодчиность оплаты
              </div>
              <div
                class="radioGroup cardGroup"
              >
                <label
                  class="label"
                >
                  <div
                    class="text medium"
                    data-testid="typographyComponent"
                  >
                    Раз в месяц
                  </div>
                  <input
                    class="input"
                    data-testid="perMonth"
                    name="frequency"
                    type="radio"
                    value="perMonth"
                  />
                  <span
                    class="span"
                  />
                </label>
                <label
                  class="label"
                >
                  <div
                    class="text medium"
                    data-testid="typographyComponent"
                  >
                    Раз в 3 месяца
                  </div>
                  <input
                    class="input"
                    data-testid="perThreeMonth"
                    name="frequency"
                    type="radio"
                    value="perThreeMonth"
                  />
                  <span
                    class="span"
                  />
                </label>
                <label
                  class="label"
                >
                  <div
                    class="text medium"
                    data-testid="typographyComponent"
                  >
                    Раз в 6 месяцев
                  </div>
                  <input
                    class="input"
                    data-testid="perSixMonth"
                    name="frequency"
                    type="radio"
                    value="perSixMonth"
                  />
                  <span
                    class="span"
                  />
                </label>
                <label
                  class="label"
                >
                  <div
                    class="text medium"
                    data-testid="typographyComponent"
                  >
                    Раз в 12 месяцев
                  </div>
                  <input
                    checked=""
                    class="input"
                    data-testid="perTwelveMonth"
                    name="frequency"
                    type="radio"
                    value="perTwelveMonth"
                  />
                  <span
                    class="span"
                  />
                </label>
              </div>
            </div>
            <div
              class="totalBlockWrapper"
            >
              <div
                class="text menu"
                data-testid="insuranceAmount"
              >
                Общая сумма страхования: 2 500 000 ₽
              </div>
              <button
                class="applyButton btn primary"
                data-testid="button"
              >
                Оформить заявку
              </button>
            </div>
          </form>
          <div
            class="card summaryInfoBlock"
            data-testid="card"
          >
            <div
              class="summaryInfoItem"
            >
              <div
                class="text emphasis"
                data-testid="summaryInsuranceLabel"
              >
                Страховая сумма
              </div>
              <div
                class="text medium"
                data-testid="summaryInsuranceAmount"
              >
                2 500 000 ₽
              </div>
            </div>
            <div
              class="summaryInfoItem"
            >
              <div
                class="text emphasis"
                data-testid="summaryPeriodLabel"
              >
                Периодичность оплаты
              </div>
              <div
                class="text medium"
                data-testid="summaryPeriodAmount"
              >
                9 500 ₽ раз в 12 месяцев
              </div>
            </div>
            <div
              class="summaryInfoItem"
            >
              <div
                class="text h3"
                data-testid="summaryTotalLabel"
              >
                Итоговая сумма полиса
              </div>
              <div
                class="text medium"
                data-testid="summaryTotalAmount"
              >
                9 500 ₽
              </div>
            </div>
          </div>
        </div>
      </div>
    </div>
    <footer
      class="footer"
    >
      <div
        class="container"
      >
        <div
          class="logoContainer"
        >
          <button
            class="logoButton"
            data-testid="iconButtonComponent"
          >
            <svg
              aria-hidden="true"
              class="upIconSvg logo"
              fill="currentColor"
              focusable="false"
              viewBox="0 0 150 46"
            >
              <path
                d="M13.513 29V17.015H14.686L19.293 25.668L23.866 17.015H25.039V29H23.747V19.633L19.752 27.147H18.834L14.788 19.65V29H13.513ZM30.912 29V23.322L26.322 17.015H27.954L31.643 22.098L35.315 17.015H36.896L32.306 23.356V29H30.912Z"
                fill="#22C062"
              />
              <rect
                fill="none"
                height="41"
                rx="3.5"
                stroke="#22C062"
                width="44"
                x="2.5"
                y="2.5"
              />
              <path
                d="M52.479 29V17.015H53.873V29H52.479ZM56.6416 29V20.738H57.9846V22.149C58.2566 21.6277 58.6419 21.2367 59.1406 20.976C59.6393 20.7153 60.2003 20.585 60.8236 20.585C62.7843 20.585 63.7646 21.673 63.7646 23.849V29H62.3876V23.934C62.3876 23.1633 62.2346 22.6023 61.9286 22.251C61.6339 21.8883 61.1579 21.707 60.5006 21.707C59.7413 21.707 59.1349 21.945 58.6816 22.421C58.2396 22.8857 58.0186 23.509 58.0186 24.291V29H56.6416ZM69.0917 29.153C68.4457 29.153 67.8337 29.0623 67.2557 28.881C66.6777 28.6997 66.2017 28.4447 65.8277 28.116L66.2697 27.147C66.6777 27.4757 67.1254 27.7193 67.6127 27.878C68.1114 28.0253 68.6157 28.099 69.1257 28.099C69.7717 28.099 70.2591 27.98 70.5877 27.742C70.9164 27.504 71.0807 27.181 71.0807 26.773C71.0807 26.4557 70.9731 26.2063 70.7577 26.025C70.5424 25.8323 70.2024 25.685 69.7377 25.583L68.1907 25.243C66.7854 24.937 66.0827 24.2117 66.0827 23.067C66.0827 22.319 66.3774 21.7183 66.9667 21.265C67.5674 20.8117 68.3494 20.585 69.3127 20.585C69.8794 20.585 70.4177 20.6757 70.9277 20.857C71.4491 21.027 71.8797 21.282 72.2197 21.622L71.7607 22.591C71.4321 22.285 71.0467 22.0527 70.6047 21.894C70.1741 21.724 69.7434 21.639 69.3127 21.639C68.6781 21.639 68.1964 21.7637 67.8677 22.013C67.5391 22.2623 67.3747 22.591 67.3747 22.999C67.3747 23.6337 67.7941 24.0417 68.6327 24.223L70.1797 24.546C70.9051 24.7047 71.4547 24.9597 71.8287 25.311C72.2027 25.651 72.3897 26.1157 72.3897 26.705C72.3897 27.4643 72.0894 28.065 71.4887 28.507C70.8881 28.9377 70.0891 29.153 69.0917 29.153ZM77.4123 29.153C75.429 29.153 74.4373 28.0593 74.4373 25.872V20.738H75.8143V25.855C75.8143 26.5917 75.9616 27.1357 76.2563 27.487C76.5623 27.8383 77.0383 28.014 77.6843 28.014C78.387 28.014 78.9593 27.7817 79.4013 27.317C79.8433 26.841 80.0643 26.212 80.0643 25.43V20.738H81.4413V29H80.0983V27.606C79.8376 28.1047 79.4693 28.49 78.9933 28.762C78.5286 29.0227 78.0016 29.153 77.4123 29.153ZM84.0176 29V20.738H85.3606V22.217C85.8026 21.2197 86.7093 20.67 88.0806 20.568L88.5736 20.517L88.6756 21.707L87.8086 21.809C87.0266 21.877 86.4316 22.1263 86.0236 22.557C85.6156 22.9763 85.4116 23.5543 85.4116 24.291V29H84.0176ZM92.6284 29.153C92.0617 29.153 91.5517 29.0453 91.0984 28.83C90.6564 28.6033 90.305 28.2973 90.0444 27.912C89.7837 27.5267 89.6534 27.096 89.6534 26.62C89.6534 26.0193 89.8064 25.5433 90.1124 25.192C90.4297 24.8407 90.9454 24.5913 91.6594 24.444C92.3847 24.2853 93.3707 24.206 94.6174 24.206H95.1614V23.679C95.1614 22.9763 95.014 22.472 94.7194 22.166C94.436 21.8487 93.977 21.69 93.3424 21.69C92.8437 21.69 92.362 21.7637 91.8974 21.911C91.4327 22.047 90.9567 22.2737 90.4694 22.591L89.9934 21.588C90.424 21.282 90.9454 21.0383 91.5574 20.857C92.1807 20.6757 92.7757 20.585 93.3424 20.585C94.4077 20.585 95.1954 20.8457 95.7054 21.367C96.2267 21.8883 96.4874 22.6987 96.4874 23.798V29H95.1954V27.572C94.98 28.0593 94.6457 28.4447 94.1924 28.728C93.7504 29.0113 93.229 29.153 92.6284 29.153ZM92.8494 28.116C93.5294 28.116 94.0847 27.8837 94.5154 27.419C94.946 26.943 95.1614 26.3423 95.1614 25.617V25.107H94.6344C93.7164 25.107 92.991 25.1523 92.4584 25.243C91.937 25.3223 91.5687 25.4697 91.3534 25.685C91.1494 25.889 91.0474 26.1723 91.0474 26.535C91.0474 26.9997 91.206 27.3793 91.5234 27.674C91.852 27.9687 92.294 28.116 92.8494 28.116ZM99.042 29V20.738H100.385V22.149C100.657 21.6277 101.042 21.2367 101.541 20.976C102.04 20.7153 102.601 20.585 103.224 20.585C105.185 20.585 106.165 21.673 106.165 23.849V29H104.788V23.934C104.788 23.1633 104.635 22.6023 104.329 22.251C104.034 21.8883 103.558 21.707 102.901 21.707C102.142 21.707 101.535 21.945 101.082 22.421C100.64 22.8857 100.419 23.509 100.419 24.291V29H99.042ZM112.206 29.153C111.379 29.153 110.665 28.9773 110.064 28.626C109.463 28.2633 108.999 27.759 108.67 27.113C108.353 26.4557 108.194 25.6907 108.194 24.818C108.194 23.5033 108.551 22.472 109.265 21.724C109.979 20.9647 110.959 20.585 112.206 20.585C112.716 20.585 113.22 20.6757 113.719 20.857C114.218 21.0383 114.631 21.2933 114.96 21.622L114.484 22.625C114.155 22.3077 113.793 22.0753 113.396 21.928C113.011 21.7807 112.642 21.707 112.291 21.707C111.43 21.707 110.767 21.979 110.302 22.523C109.837 23.0557 109.605 23.8263 109.605 24.835C109.605 25.821 109.837 26.603 110.302 27.181C110.767 27.7477 111.43 28.031 112.291 28.031C112.642 28.031 113.011 27.9573 113.396 27.81C113.793 27.6627 114.155 27.4247 114.484 27.096L114.96 28.099C114.631 28.4277 114.212 28.6883 113.702 28.881C113.203 29.0623 112.705 29.153 112.206 29.153ZM120.13 29.153C118.827 29.153 117.796 28.7733 117.036 28.014C116.277 27.2433 115.897 26.2007 115.897 24.886C115.897 24.036 116.067 23.288 116.407 22.642C116.747 21.9847 117.212 21.4803 117.801 21.129C118.402 20.7663 119.093 20.585 119.875 20.585C120.997 20.585 121.876 20.9477 122.51 21.673C123.145 22.387 123.462 23.373 123.462 24.631V25.158H117.24C117.286 26.0987 117.558 26.8183 118.056 27.317C118.555 27.8043 119.246 28.048 120.13 28.048C120.629 28.048 121.105 27.9743 121.558 27.827C122.012 27.6683 122.442 27.4133 122.85 27.062L123.326 28.031C122.952 28.3823 122.476 28.66 121.898 28.864C121.32 29.0567 120.731 29.153 120.13 29.153ZM119.909 21.605C119.127 21.605 118.51 21.8487 118.056 22.336C117.603 22.8233 117.337 23.4637 117.257 24.257H122.272C122.238 23.4183 122.017 22.7667 121.609 22.302C121.213 21.8373 120.646 21.605 119.909 21.605Z"
                fill="#1F1D1D"
              />
            </svg>
          </button>
          <div
            class="text small subtext"
            data-testid="typographyComponent"
          >
            © 2023  «My Insurance»
          </div>
        </div>
        <div
          class="infoContainer"
        >
          <div
            class="textContainer"
          >
            <div
              class="text h4"
              data-testid="typographyComponent"
            >
              Главный офис
            </div>
            <div
              class="text small subtext"
              data-testid="typographyComponent"
            >
              г. Москва. Одесская улица 10, 5 этаж, офис 13
            </div>
          </div>
          <div
            class="textContainer"
          >
            <div
              class="text h4"
              data-testid="typographyComponent"
            >
              Связаться с нами
            </div>
            <div
              class="text small subtext"
              data-testid="typographyComponent"
            >
              +7 (495) 177 - 37 - 37
            </div>
          </div>
        </div>
      </div>
    </footer>
  </div>
</DocumentFragment>
`;
